2025-12-10 20:19:09,366 - INFO - MainThread - Application starting.
2025-12-10 20:19:10,224 - INFO - MainThread - Loading data from videos.json
2025-12-10 20:19:10,240 - INFO - MainThread - Populating file list.
2025-12-10 20:19:10,240 - INFO - MainThread - File list populated with 8 items.
2025-12-10 20:19:10,240 - INFO - MainThread - Loaded 8 video records.
2025-12-10 20:19:12,698 - DEBUG - MainThread - update_info_panel triggered.
2025-12-10 20:19:12,698 - DEBUG - MainThread - Selected video path: C:/Users/여인영/Documents/SKKU 2025-1/일반물리학실험1/KakaoTalk_20250317_220719874.mp4
2025-12-10 20:19:12,698 - DEBUG - MainThread - Video: KakaoTalk_20250317_220719874, Thumbnail Path: None
2025-12-10 20:19:12,698 - WARNING - MainThread - No valid thumbnail_path or video_path for KakaoTalk_20250317_220719874
2025-12-10 20:19:12,708 - WARNING - MainThread - ScalablePixmapLabel: Setting a null or invalid pixmap.
2025-12-10 20:19:14,804 - DEBUG - MainThread - update_info_panel triggered.
2025-12-10 20:19:14,804 - DEBUG - MainThread - Selected video path: C:/Users/여인영/Documents/SKKU 2025-1/일반물리학실험1/KakaoTalk_20250612_112128148.mp4
2025-12-10 20:19:14,816 - DEBUG - MainThread - Video: KakaoTalk_20250612_112128148, Thumbnail Path: None
2025-12-10 20:19:14,816 - WARNING - MainThread - No valid thumbnail_path or video_path for KakaoTalk_20250612_112128148
2025-12-10 20:19:14,816 - WARNING - MainThread - ScalablePixmapLabel: Setting a null or invalid pixmap.
2025-12-10 20:19:16,434 - DEBUG - MainThread - update_info_panel triggered.
2025-12-10 20:19:16,434 - DEBUG - MainThread - Selected video path: C:/Users/여인영/Documents/SKKU 2025-1/일반물리학실험1/빨강1.mp4
2025-12-10 20:19:16,434 - DEBUG - MainThread - Video: 빨강1, Thumbnail Path: None
2025-12-10 20:19:16,442 - WARNING - MainThread - No valid thumbnail_path or video_path for 빨강1
2025-12-10 20:19:16,442 - WARNING - MainThread - ScalablePixmapLabel: Setting a null or invalid pixmap.
2025-12-10 20:19:17,414 - DEBUG - MainThread - update_info_panel triggered.
2025-12-10 20:19:17,414 - DEBUG - MainThread - Selected video path: C:/Users/여인영/Documents/SKKU 2025-1/일반물리학실험1/초록1.mp4
2025-12-10 20:19:17,414 - DEBUG - MainThread - Video: 초록1, Thumbnail Path: None
2025-12-10 20:19:17,414 - WARNING - MainThread - No valid thumbnail_path or video_path for 초록1
2025-12-10 20:19:17,414 - WARNING - MainThread - ScalablePixmapLabel: Setting a null or invalid pixmap.
2025-12-10 20:19:22,501 - DEBUG - MainThread - update_info_panel triggered.
2025-12-10 20:19:22,501 - DEBUG - MainThread - Selected video path: C:/Users/여인영/Documents/SKKU 2025-1/일반물리학실험1/가벼운 공 1,2회.mp4
2025-12-10 20:19:22,501 - DEBUG - MainThread - Video: 가벼운 공 1,2회, Thumbnail Path: None
2025-12-10 20:19:22,501 - WARNING - MainThread - No valid thumbnail_path or video_path for 가벼운 공 1,2회
2025-12-10 20:19:22,501 - WARNING - MainThread - ScalablePixmapLabel: Setting a null or invalid pixmap.
2025-12-10 20:19:26,029 - INFO - MainThread - Close event received. Shutting down threads.
2025-12-10 20:19:26,029 - INFO - MainThread - Application closing.
